[2025-12-13 22:54:27.955] [puff::index::jointLog] [info] Running fixFasta
[2025-12-13 22:54:28.211] [puff::index::jointLog] [warning] Removed 27 transcripts that were sequence duplicates of indexed transcripts.
[2025-12-13 22:54:28.211] [puff::index::jointLog] [warning] If you wish to retain duplicate transcripts, please use the `--keepDuplicates` flag
[2025-12-13 22:54:28.211] [puff::index::jointLog] [info] Replaced 0 non-ATCG nucleotides
[2025-12-13 22:54:28.211] [puff::index::jointLog] [info] Clipped poly-A tails from 4 transcripts
[2025-12-13 22:54:28.314] [puff::index::jointLog] [info] Filter size not provided; estimating from number of distinct k-mers
[2025-12-13 22:54:28.490] [puff::index::jointLog] [info] ntHll estimated 372573 distinct k-mers, setting filter size to 2^23
[2025-12-13 22:54:31.264] [puff::index::jointLog] [info] Starting the Pufferfish indexing by reading the GFA binary file.
[2025-12-13 22:54:31.265] [puff::index::jointLog] [info] Setting the index/BinaryGfa directory salmon_index
[2025-12-13 22:54:31.266] [puff::index::jointLog] [info] Done wrapping the rank vector with a rank9sel structure.
[2025-12-13 22:54:31.266] [puff::index::jointLog] [info] contig count for validation: 1,793
[2025-12-13 22:54:31.268] [puff::index::jointLog] [info] Total # of Contigs : 1,793
[2025-12-13 22:54:31.268] [puff::index::jointLog] [info] Total # of numerical Contigs : 1,793
[2025-12-13 22:54:31.268] [puff::index::jointLog] [info] Total # of contig vec entries: 20,508
[2025-12-13 22:54:31.268] [puff::index::jointLog] [info] bits per offset entry 15
[2025-12-13 22:54:31.268] [puff::index::jointLog] [info] Done constructing the contig vector. 1794
[2025-12-13 22:54:31.272] [puff::index::jointLog] [info] # segments = 1,793
[2025-12-13 22:54:31.272] [puff::index::jointLog] [info] total length = 464,715
[2025-12-13 22:54:31.272] [puff::index::jointLog] [info] Reading the reference files ...
[2025-12-13 22:54:31.318] [puff::index::jointLog] [info] positional integer width = 19
[2025-12-13 22:54:31.318] [puff::index::jointLog] [info] seqSize = 464,715
[2025-12-13 22:54:31.318] [puff::index::jointLog] [info] rankSize = 464,715
[2025-12-13 22:54:31.318] [puff::index::jointLog] [info] edgeVecSize = 0
[2025-12-13 22:54:31.318] [puff::index::jointLog] [info] num keys = 410,925
[2025-12-13 22:54:31.384] [puff::index::jointLog] [info] mphf size = 0.25737 MB
[2025-12-13 22:54:31.384] [puff::index::jointLog] [info] chunk size = 232,358
[2025-12-13 22:54:31.384] [puff::index::jointLog] [info] chunk 0 = [0, 232,358)
[2025-12-13 22:54:31.384] [puff::index::jointLog] [info] chunk 1 = [232,358, 464,685)
[2025-12-13 22:54:31.416] [puff::index::jointLog] [info] finished populating pos vector
[2025-12-13 22:54:31.416] [puff::index::jointLog] [info] writing index components
[2025-12-13 22:54:31.431] [puff::index::jointLog] [info] finished writing dense pufferfish index
[2025-12-13 22:56:49.001] [puff::index::jointLog] [info] Running fixFasta
[2025-12-13 22:56:49.228] [puff::index::jointLog] [warning] Removed 27 transcripts that were sequence duplicates of indexed transcripts.
[2025-12-13 22:56:49.228] [puff::index::jointLog] [warning] If you wish to retain duplicate transcripts, please use the `--keepDuplicates` flag
[2025-12-13 22:56:49.228] [puff::index::jointLog] [info] Replaced 0 non-ATCG nucleotides
[2025-12-13 22:56:49.228] [puff::index::jointLog] [info] Clipped poly-A tails from 4 transcripts
[2025-12-13 22:56:49.334] [puff::index::jointLog] [info] Filter size not provided; estimating from number of distinct k-mers
[2025-12-13 22:56:49.510] [puff::index::jointLog] [info] ntHll estimated 372573 distinct k-mers, setting filter size to 2^23
[2025-12-13 22:56:52.150] [puff::index::jointLog] [info] Starting the Pufferfish indexing by reading the GFA binary file.
[2025-12-13 22:56:52.151] [puff::index::jointLog] [info] Setting the index/BinaryGfa directory salmon_index
[2025-12-13 22:56:52.152] [puff::index::jointLog] [info] Done wrapping the rank vector with a rank9sel structure.
[2025-12-13 22:56:52.153] [puff::index::jointLog] [info] contig count for validation: 1,793
[2025-12-13 22:56:52.154] [puff::index::jointLog] [info] Total # of Contigs : 1,793
[2025-12-13 22:56:52.154] [puff::index::jointLog] [info] Total # of numerical Contigs : 1,793
[2025-12-13 22:56:52.155] [puff::index::jointLog] [info] Total # of contig vec entries: 20,508
[2025-12-13 22:56:52.155] [puff::index::jointLog] [info] bits per offset entry 15
[2025-12-13 22:56:52.155] [puff::index::jointLog] [info] Done constructing the contig vector. 1794
[2025-12-13 22:56:52.162] [puff::index::jointLog] [info] # segments = 1,793
[2025-12-13 22:56:52.162] [puff::index::jointLog] [info] total length = 464,715
[2025-12-13 22:56:52.163] [puff::index::jointLog] [info] Reading the reference files ...
[2025-12-13 22:56:52.220] [puff::index::jointLog] [info] positional integer width = 19
[2025-12-13 22:56:52.220] [puff::index::jointLog] [info] seqSize = 464,715
[2025-12-13 22:56:52.220] [puff::index::jointLog] [info] rankSize = 464,715
[2025-12-13 22:56:52.220] [puff::index::jointLog] [info] edgeVecSize = 0
[2025-12-13 22:56:52.220] [puff::index::jointLog] [info] num keys = 410,925
[2025-12-13 22:56:52.308] [puff::index::jointLog] [info] mphf size = 0.25737 MB
[2025-12-13 22:56:52.308] [puff::index::jointLog] [info] chunk size = 232,358
[2025-12-13 22:56:52.308] [puff::index::jointLog] [info] chunk 0 = [0, 232,358)
[2025-12-13 22:56:52.308] [puff::index::jointLog] [info] chunk 1 = [232,358, 464,685)
[2025-12-13 22:56:52.335] [puff::index::jointLog] [info] finished populating pos vector
[2025-12-13 22:56:52.335] [puff::index::jointLog] [info] writing index components
[2025-12-13 22:56:52.367] [puff::index::jointLog] [info] finished writing dense pufferfish index
