[2025-12-13 22:56:55.050] [jointLog] [info] setting maxHashResizeThreads to 4
[2025-12-13 22:56:55.050] [jointLog] [info] Fragment incompatibility prior below threshold.  Incompatible fragments will be ignored.
[2025-12-13 22:56:55.050] [jointLog] [info] Usage of --validateMappings implies use of minScoreFraction. Since not explicitly specified, it is being set to 0.65
[2025-12-13 22:56:55.050] [jointLog] [info] Setting consensusSlack to selective-alignment default of 0.35.
[2025-12-13 22:56:55.050] [jointLog] [info] parsing read library format
[2025-12-13 22:56:55.050] [jointLog] [info] There is 1 library.
[2025-12-13 22:56:55.050] [jointLog] [info] Loading pufferfish index
[2025-12-13 22:56:55.050] [jointLog] [info] Loading dense pufferfish index.
[2025-12-13 22:56:55.055] [jointLog] [info] done
[2025-12-13 22:56:55.146] [jointLog] [info] Index contained 679 targets
[2025-12-13 22:56:55.146] [jointLog] [info] Number of decoys : 0
[2025-12-13 22:56:55.267] [jointLog] [info] Computed 508 rich equivalence classes for further processing
[2025-12-13 22:56:55.267] [jointLog] [info] Counted 1,328 total reads in the equivalence classes 
[2025-12-13 22:56:55.270] [jointLog] [info] Number of mappings discarded because of alignment score : 0
[2025-12-13 22:56:55.270] [jointLog] [info] Number of fragments entirely discarded because of alignment score : 0
[2025-12-13 22:56:55.270] [jointLog] [info] Number of fragments discarded because they are best-mapped to decoys : 0
[2025-12-13 22:56:55.270] [jointLog] [info] Number of fragments discarded because they have only dovetail (discordant) mappings to valid targets : 215
[2025-12-13 22:56:55.270] [jointLog] [warning] Only 1328 fragments were mapped, but the number of burn-in fragments was set to 5000000.
The effective lengths have been computed using the observed mappings.

[2025-12-13 22:56:55.270] [jointLog] [info] Mapping rate = 100%

[2025-12-13 22:56:55.270] [jointLog] [info] finished quantifyLibrary()
[2025-12-13 22:56:55.270] [jointLog] [info] Starting optimizer
[2025-12-13 22:56:55.271] [jointLog] [info] Marked 0 weighted equivalence classes as degenerate
[2025-12-13 22:56:55.272] [jointLog] [info] iteration = 0 | max rel diff. = 59.0918
[2025-12-13 22:56:55.292] [jointLog] [info] iteration = 100 | max rel diff. = 4.97009
[2025-12-13 22:56:55.293] [jointLog] [info] iteration = 104 | max rel diff. = 0.00455432
[2025-12-13 22:56:55.293] [jointLog] [info] Finished optimizer
[2025-12-13 22:56:55.293] [jointLog] [info] writing output 

[2025-12-13 22:56:55.296] [jointLog] [warning] NOTE: Read Lib [[ Fastqs/MaggieSimpson_R1.fastq.gz, Fastqs/MaggieSimpson_R2.fastq.gz]] :

Detected a *potential* strand bias > 1% in an unstranded protocol check the file: quant_results/MaggieSimpson_quant/lib_format_counts.json for details

[2025-12-13 22:56:55.268] [fileLog] [info] 
At end of round 0
==================
Observed 1328 total fragments (1328 in most recent round)

